This is pdfTeX, Version 3.14159265-2.6-1.40.21 (MiKTeX 20.11) (preloaded format=pdflatex 2020.11.14)  15 NOV 2020 20:04
entering extended mode
**./test.tex
(test.tex
LaTeX2e <2020-10-01> patch level 2
L3 programming layer <2020-10-27> xparse <2020-03-03>
(C:\Users\utilizador\Desktop\miktex\tex/latex/base\article.cls
Document Class: article 2020/04/10 v1.4m Standard LaTeX document class
(C:\Users\utilizador\Desktop\miktex\tex/latex/base\size10.clo
File: size10.clo 2020/04/10 v1.4m Standard LaTeX file (size option)
)
\c@part=\count175
\c@section=\count176
\c@subsection=\count177
\c@subsubsection=\count178
\c@paragraph=\count179
\c@subparagraph=\count180
\c@figure=\count181
\c@table=\count182
\abovecaptionskip=\skip47
\belowcaptionskip=\skip48
\bibindent=\dimen138
)
(C:\Users\utilizador\Desktop\miktex\tex/generic/babel\babel.sty
Package: babel 2020/10/27 3.51 The Babel package

(C:\Users\utilizador\Desktop\miktex\tex/generic/babel\babel.def
File: babel.def 2020/10/27 3.51 Babel common definitions
\babel@savecnt=\count183
\U@D=\dimen139
\l@babelnohyphens=\language79

(C:\Users\utilizador\Desktop\miktex\tex/generic/babel\txtbabel.def)
\bbl@readstream=\read2
)
\bbl@dirlevel=\count184

*************************************
* Local config file bblopts.cfg used
*
(C:\Users\utilizador\Desktop\miktex\tex/latex/arabi\bblopts.cfg
File: bblopts.cfg 2005/09/08 v0.1 add Arabic and Farsi to "declared" options of
 babel
)
(C:\Users\utilizador\Desktop\miktex\tex/latex/babel-english\english.ldf
Language: english 2017/06/06 v3.3r English support from the babel system
Package babel Info: \l@canadian = using hyphenrules for english
(babel)             (\language0) on input line 102.
Package babel Info: \l@australian = using hyphenrules for ukenglish
(babel)             (\language73) on input line 105.
Package babel Info: \l@newzealand = using hyphenrules for ukenglish
(babel)             (\language73) on input line 108.
))
(C:\Users\utilizador\Desktop\miktex\tex/latex/tools\indentfirst.sty
Package: indentfirst 1995/11/23 v1.03 Indent first paragraph (DPC)
)
(C:\Users\utilizador\Desktop\miktex\tex/latex/l3backend\l3backend-pdftex.def
File: l3backend-pdftex.def 2020-09-24 L3 backend support: PDF output (pdfTeX)
\l__kernel_color_stack_int=\count185
\l__pdf_internal_box=\box47
)
(test.aux)
\openout1 = `test.aux'.

LaTeX Font Info:    Checking defaults for OML/cmm/m/it on input line 10.
LaTeX Font Info:    ... okay on input line 10.
LaTeX Font Info:    Checking defaults for OMS/cmsy/m/n on input line 10.
LaTeX Font Info:    ... okay on input line 10.
LaTeX Font Info:    Checking defaults for OT1/cmr/m/n on input line 10.
LaTeX Font Info:    ... okay on input line 10.
LaTeX Font Info:    Checking defaults for T1/cmr/m/n on input line 10.
LaTeX Font Info:    ... okay on input line 10.
LaTeX Font Info:    Checking defaults for TS1/cmr/m/n on input line 10.
LaTeX Font Info:    ... okay on input line 10.
LaTeX Font Info:    Checking defaults for OMX/cmex/m/n on input line 10.
LaTeX Font Info:    ... okay on input line 10.
LaTeX Font Info:    Checking defaults for U/cmr/m/n on input line 10.
LaTeX Font Info:    ... okay on input line 10.
LaTeX Font Info:    External font `cmex10' loaded for size
(Font)              <12> on input line 13.
LaTeX Font Info:    External font `cmex10' loaded for size
(Font)              <8> on input line 13.
LaTeX Font Info:    External font `cmex10' loaded for size
(Font)              <6> on input line 13.
 [1

{C:/Users/utilizador/AppData/Local/MiKTeX/pdftex/config/pdftex.map}]
Overfull \hbox (4.86174pt too wide) in paragraph at lines 25--26
[]\OT1/cmr/m/n/10 Este tra-balho pre-tende im-ple-men-tar um pro-to-colo de lig
ac~ao de da-dos baseado
 []

[2]
Overfull \hbox (9.38843pt too wide) in paragraph at lines 63--64
[]\OT1/cmr/m/n/10 O ficheiro ap-pli-ca-tion.c e re-sponsavel pelo trata-mento
 do pro-to-colo de aplicac~ao 
 []

[3]
Overfull \hbox (3.15302pt too wide) in paragraph at lines 127--128
[]\OT1/cmr/bx/n/10 openFile \OT1/cmr/m/n/10 - Abre o ficheiro en-vi-ado como ar
-gu-mento e obtem o seu conteudo
 []

[4] [5] [6] [7] [8]
Overfull \hbox (13.50058pt too wide) in paragraph at lines 268--269
\OT1/cmr/m/n/10 per-cent-agem definida no ficheiro macros.h, atraves das macro
s BCC1ERRORRATE
 []


Overfull \hbox (2.91718pt too wide) in paragraph at lines 270--271
\OT1/cmr/m/n/10 en-vio de 128 bytes em cada trama, fez-se variar os val-ores de
 BCC1ERRORRATE
 []

[9] (test.aux) ) 
Here is how much of TeX's memory you used:
 1183 strings out of 479832
 18380 string characters out of 2875732
 309312 words of memory out of 3000000
 18193 multiletter control sequences out of 15000+200000
 539678 words of font info for 44 fonts, out of 3000000 for 9000
 1141 hyphenation exceptions out of 8191
 51i,7n,60p,573b,199s stack positions out of 5000i,500n,10000p,200000b,50000s
 <C:\Users\utilizador\AppData\Local\MiKTeX\fonts/pk/ljfour/jkna
ppen/ec/dpi600\tcrm1000.pk><C:/Users/utilizador/Desktop/miktex/fonts/type1/publ
ic/amsfonts/cm/cmbx10.pfb><C:/Users/utilizador/Desktop/miktex/fonts/type1/publi
c/amsfonts/cm/cmbx12.pfb><C:/Users/utilizador/Desktop/miktex/fonts/type1/public
/amsfonts/cm/cmr10.pfb><C:/Users/utilizador/Desktop/miktex/fonts/type1/public/a
msfonts/cm/cmr12.pfb><C:/Users/utilizador/Desktop/miktex/fonts/type1/public/ams
fonts/cm/cmr17.pfb>
Output written on test.pdf (9 pages, 100901 bytes).
PDF statistics:
 57 PDF objects out of 1000 (max. 8388607)
 0 named destinations out of 1000 (max. 500000)
 1 words of extra memory for PDF output out of 10000 (max. 10000000)

